2026-06-07 11:33:07,770 INFO [train.py:1118] (1/4) Training started
2026-06-07 11:33:07,771 INFO [train.py:1128] (1/4) Device: cuda:1
2026-06-07 11:33:07,775 INFO [train.py:1139] (1/4) {
  "am_scale": 0.0,
  "average_period": 200,
  "base_lr": 0.0001,
  "batch_idx_train": 0,
  "best_train_epoch": -1,
  "best_train_loss": Infinity,
  "best_valid_epoch": -1,
  "best_valid_loss": Infinity,
  "blank_id": 0,
  "bpe_model": "dataprocessing/bpe/bpe.model",
  "bucketing_sampler": true,
  "causal": true,
  "chunk_sec": 0.08,
  "chunk_size": "16,32,64,-1",
  "cnn_module_kernel": "31,31,15,15,15,31",
  "concatenate_cuts": false,
  "context_size": 2,
  "ctc_loss_scale": 0.2,
  "decoder_dim": 512,
  "downsampling_factor": "1,2,4,8,4,2",
  "drop_last": true,
  "duration_factor": 1.0,
  "enable_musan": false,
  "enable_spec_aug": false,
  "encoder_dim": "192,256,448,768,448,192",
  "encoder_unmasked_dim": "192,192,256,256,256,192",
  "env_info": {
    "IP address": "127.0.1.1",
    "hostname": "gp10",
    "icefall-git-branch": "main",
    "icefall-git-date": "Fri Jun 5 08:45:26 2026",
    "icefall-git-sha1": "d3b2ea6-dirty",
    "icefall-path": "/home/m-wu/proj/ASR",
    "k2-build-type": "Release",
    "k2-git-date": "Thu Aug 7 11:36:05 2025",
    "k2-git-sha1": "e524868bdab9755177557629b8d13a0e351d2cc8",
    "k2-path": "/home/m-wu/miniconda3/envs/ASR/lib/python3.11/site-packages/k2/__init__.py",
    "k2-version": "1.24.4",
    "k2-with-cuda": true,
    "lhotse-path": "/home/m-wu/miniconda3/envs/ASR/lib/python3.11/site-packages/lhotse/__init__.py",
    "lhotse-version": "1.33.0.dev+git.6b45efe.clean",
    "python-version": "3.11",
    "torch-cuda-available": true,
    "torch-cuda-version": "12.9",
    "torch-version": "2.8.0+cu129"
  },
  "exp_dir": "exp",
  "feature_dim": 512,
  "feature_enc_layers": [
    [
      512,
      10,
      5
    ],
    [
      512,
      3,
      2
    ],
    [
      512,
      3,
      2
    ],
    [
      512,
      3,
      2
    ],
    [
      512,
      3,
      2
    ],
    [
      512,
      2,
      2
    ],
    [
      512,
      2,
      2
    ]
  ],
  "feature_grad_mult": 0.1,
  "feedforward_dim": "512,768,1024,1536,1024,768",
  "gap": 1.0,
  "inf_check": false,
  "joiner_dim": 512,
  "keep_last_k": 30,
  "lang": "dataprocessing/bpe",
  "lang_type": null,
  "left_context_frames": "64,128,256,-1",
  "lm_scale": 0.25,
  "log_interval": 50,
  "lr_batches": 7500,
  "lr_epochs": 3.5,
  "manifest_dir": "dataprocessing/cuts",
  "master_port": 12354,
  "max_duration": 250,
  "num_buckets": 30,
  "num_encoder_layers": "2,2,3,4,3,2",
  "num_epochs": 100,
  "num_heads": "4,4,4,8,4,4",
  "num_workers": 2,
  "on_the_fly_feats": false,
  "pos_dim": 48,
  "pos_head_dim": "4",
  "print_diagnostics": false,
  "prune_range": 5,
  "query_head_dim": "32",
  "ref_duration": 600,
  "reset_interval": 200,
  "return_cuts": false,
  "sample_rate": 16000,
  "save_every_n": 4000,
  "seed": 42,
  "shuffle": true,
  "simple_loss_scale": 0.5,
  "spec_aug_time_warp_factor": 80,
  "start_batch": 0,
  "start_epoch": 1,
  "subsampling_factor": 4,
  "tensorboard": true,
  "use_ctc": false,
  "use_fp16": true,
  "use_pretrained": false,
  "use_transducer": true,
  "valid_interval": 3000,
  "value_head_dim": "12",
  "vocab_size": 2441,
  "warm_step": 2000,
  "world_size": 4
}
2026-06-07 11:33:07,776 INFO [train.py:1141] (1/4) About to create model
2026-06-07 11:33:07,790 INFO [train.py:1118] (0/4) Training started
2026-06-07 11:33:07,791 INFO [train.py:1118] (3/4) Training started
2026-06-07 11:33:07,791 INFO [train.py:1128] (3/4) Device: cuda:3
2026-06-07 11:33:07,792 INFO [train.py:1118] (2/4) Training started
2026-06-07 11:33:07,793 INFO [train.py:1128] (2/4) Device: cuda:2
2026-06-07 11:33:07,795 INFO [train.py:1128] (0/4) Device: cuda:0
2026-06-07 11:33:07,795 INFO [train.py:1139] (3/4) {
  "am_scale": 0.0,
  "average_period": 200,
  "base_lr": 0.0001,
  "batch_idx_train": 0,
  "best_train_epoch": -1,
  "best_train_loss": Infinity,
  "best_valid_epoch": -1,
  "best_valid_loss": Infinity,
  "blank_id": 0,
  "bpe_model": "dataprocessing/bpe/bpe.model",
  "bucketing_sampler": true,
  "causal": true,
  "chunk_sec": 0.08,
  "chunk_size": "16,32,64,-1",
  "cnn_module_kernel": "31,31,15,15,15,31",
  "concatenate_cuts": false,
  "context_size": 2,
  "ctc_loss_scale": 0.2,
  "decoder_dim": 512,
  "downsampling_factor": "1,2,4,8,4,2",
  "drop_last": true,
  "duration_factor": 1.0,
  "enable_musan": false,
  "enable_spec_aug": false,
  "encoder_dim": "192,256,448,768,448,192",
  "encoder_unmasked_dim": "192,192,256,256,256,192",
  "env_info": {
    "IP address": "127.0.1.1",
    "hostname": "gp10",
    "icefall-git-branch": "main",
    "icefall-git-date": "Fri Jun 5 08:45:26 2026",
    "icefall-git-sha1": "d3b2ea6-dirty",
    "icefall-path": "/home/m-wu/proj/ASR",
    "k2-build-type": "Release",
    "k2-git-date": "Thu Aug 7 11:36:05 2025",
    "k2-git-sha1": "e524868bdab9755177557629b8d13a0e351d2cc8",
    "k2-path": "/home/m-wu/miniconda3/envs/ASR/lib/python3.11/site-packages/k2/__init__.py",
    "k2-version": "1.24.4",
    "k2-with-cuda": true,
    "lhotse-path": "/home/m-wu/miniconda3/envs/ASR/lib/python3.11/site-packages/lhotse/__init__.py",
    "lhotse-version": "1.33.0.dev+git.6b45efe.clean",
    "python-version": "3.11",
    "torch-cuda-available": true,
    "torch-cuda-version": "12.9",
    "torch-version": "2.8.0+cu129"
  },
  "exp_dir": "exp",
  "feature_dim": 512,
  "feature_enc_layers": [
    [
      512,
      10,
      5
    ],
    [
      512,
      3,
      2
    ],
    [
      512,
      3,
      2
    ],
    [
      512,
      3,
      2
    ],
    [
      512,
      3,
      2
    ],
    [
      512,
      2,
      2
    ],
    [
      512,
      2,
      2
    ]
  ],
  "feature_grad_mult": 0.1,
  "feedforward_dim": "512,768,1024,1536,1024,768",
  "gap": 1.0,
  "inf_check": false,
  "joiner_dim": 512,
  "keep_last_k": 30,
  "lang": "dataprocessing/bpe",
  "lang_type": null,
  "left_context_frames": "64,128,256,-1",
  "lm_scale": 0.25,
  "log_interval": 50,
  "lr_batches": 7500,
  "lr_epochs": 3.5,
  "manifest_dir": "dataprocessing/cuts",
  "master_port": 12354,
  "max_duration": 250,
  "num_buckets": 30,
  "num_encoder_layers": "2,2,3,4,3,2",
  "num_epochs": 100,
  "num_heads": "4,4,4,8,4,4",
  "num_workers": 2,
  "on_the_fly_feats": false,
  "pos_dim": 48,
  "pos_head_dim": "4",
  "print_diagnostics": false,
  "prune_range": 5,
  "query_head_dim": "32",
  "ref_duration": 600,
  "reset_interval": 200,
  "return_cuts": false,
  "sample_rate": 16000,
  "save_every_n": 4000,
  "seed": 42,
  "shuffle": true,
  "simple_loss_scale": 0.5,
  "spec_aug_time_warp_factor": 80,
  "start_batch": 0,
  "start_epoch": 1,
  "subsampling_factor": 4,
  "tensorboard": true,
  "use_ctc": false,
  "use_fp16": true,
  "use_pretrained": false,
  "use_transducer": true,
  "valid_interval": 3000,
  "value_head_dim": "12",
  "vocab_size": 2441,
  "warm_step": 2000,
  "world_size": 4
}
2026-06-07 11:33:07,795 INFO [train.py:1141] (3/4) About to create model
2026-06-07 11:33:07,797 INFO [train.py:1139] (2/4) {
  "am_scale": 0.0,
  "average_period": 200,
  "base_lr": 0.0001,
  "batch_idx_train": 0,
  "best_train_epoch": -1,
  "best_train_loss": Infinity,
  "best_valid_epoch": -1,
  "best_valid_loss": Infinity,
  "blank_id": 0,
  "bpe_model": "dataprocessing/bpe/bpe.model",
  "bucketing_sampler": true,
  "causal": true,
  "chunk_sec": 0.08,
  "chunk_size": "16,32,64,-1",
  "cnn_module_kernel": "31,31,15,15,15,31",
  "concatenate_cuts": false,
  "context_size": 2,
  "ctc_loss_scale": 0.2,
  "decoder_dim": 512,
  "downsampling_factor": "1,2,4,8,4,2",
  "drop_last": true,
  "duration_factor": 1.0,
  "enable_musan": false,
  "enable_spec_aug": false,
  "encoder_dim": "192,256,448,768,448,192",
  "encoder_unmasked_dim": "192,192,256,256,256,192",
  "env_info": {
    "IP address": "127.0.1.1",
    "hostname": "gp10",
    "icefall-git-branch": "main",
    "icefall-git-date": "Fri Jun 5 08:45:26 2026",
    "icefall-git-sha1": "d3b2ea6-dirty",
    "icefall-path": "/home/m-wu/proj/ASR",
    "k2-build-type": "Release",
    "k2-git-date": "Thu Aug 7 11:36:05 2025",
    "k2-git-sha1": "e524868bdab9755177557629b8d13a0e351d2cc8",
    "k2-path": "/home/m-wu/miniconda3/envs/ASR/lib/python3.11/site-packages/k2/__init__.py",
    "k2-version": "1.24.4",
    "k2-with-cuda": true,
    "lhotse-path": "/home/m-wu/miniconda3/envs/ASR/lib/python3.11/site-packages/lhotse/__init__.py",
    "lhotse-version": "1.33.0.dev+git.6b45efe.clean",
    "python-version": "3.11",
    "torch-cuda-available": true,
    "torch-cuda-version": "12.9",
    "torch-version": "2.8.0+cu129"
  },
  "exp_dir": "exp",
  "feature_dim": 512,
  "feature_enc_layers": [
    [
      512,
      10,
      5
    ],
    [
      512,
      3,
      2
    ],
    [
      512,
      3,
      2
    ],
    [
      512,
      3,
      2
    ],
    [
      512,
      3,
      2
    ],
    [
      512,
      2,
      2
    ],
    [
      512,
      2,
      2
    ]
  ],
  "feature_grad_mult": 0.1,
  "feedforward_dim": "512,768,1024,1536,1024,768",
  "gap": 1.0,
  "inf_check": false,
  "joiner_dim": 512,
  "keep_last_k": 30,
  "lang": "dataprocessing/bpe",
  "lang_type": null,
  "left_context_frames": "64,128,256,-1",
  "lm_scale": 0.25,
  "log_interval": 50,
  "lr_batches": 7500,
  "lr_epochs": 3.5,
  "manifest_dir": "dataprocessing/cuts",
  "master_port": 12354,
  "max_duration": 250,
  "num_buckets": 30,
  "num_encoder_layers": "2,2,3,4,3,2",
  "num_epochs": 100,
  "num_heads": "4,4,4,8,4,4",
  "num_workers": 2,
  "on_the_fly_feats": false,
  "pos_dim": 48,
  "pos_head_dim": "4",
  "print_diagnostics": false,
  "prune_range": 5,
  "query_head_dim": "32",
  "ref_duration": 600,
  "reset_interval": 200,
  "return_cuts": false,
  "sample_rate": 16000,
  "save_every_n": 4000,
  "seed": 42,
  "shuffle": true,
  "simple_loss_scale": 0.5,
  "spec_aug_time_warp_factor": 80,
  "start_batch": 0,
  "start_epoch": 1,
  "subsampling_factor": 4,
  "tensorboard": true,
  "use_ctc": false,
  "use_fp16": true,
  "use_pretrained": false,
  "use_transducer": true,
  "valid_interval": 3000,
  "value_head_dim": "12",
  "vocab_size": 2441,
  "warm_step": 2000,
  "world_size": 4
}
2026-06-07 11:33:07,798 INFO [train.py:1141] (2/4) About to create model
2026-06-07 11:33:07,799 INFO [train.py:1139] (0/4) {
  "am_scale": 0.0,
  "average_period": 200,
  "base_lr": 0.0001,
  "batch_idx_train": 0,
  "best_train_epoch": -1,
  "best_train_loss": Infinity,
  "best_valid_epoch": -1,
  "best_valid_loss": Infinity,
  "blank_id": 0,
  "bpe_model": "dataprocessing/bpe/bpe.model",
  "bucketing_sampler": true,
  "causal": true,
  "chunk_sec": 0.08,
  "chunk_size": "16,32,64,-1",
  "cnn_module_kernel": "31,31,15,15,15,31",
  "concatenate_cuts": false,
  "context_size": 2,
  "ctc_loss_scale": 0.2,
  "decoder_dim": 512,
  "downsampling_factor": "1,2,4,8,4,2",
  "drop_last": true,
  "duration_factor": 1.0,
  "enable_musan": false,
  "enable_spec_aug": false,
  "encoder_dim": "192,256,448,768,448,192",
  "encoder_unmasked_dim": "192,192,256,256,256,192",
  "env_info": {
    "IP address": "127.0.1.1",
    "hostname": "gp10",
    "icefall-git-branch": "main",
    "icefall-git-date": "Fri Jun 5 08:45:26 2026",
    "icefall-git-sha1": "d3b2ea6-dirty",
    "icefall-path": "/home/m-wu/proj/ASR",
    "k2-build-type": "Release",
    "k2-git-date": "Thu Aug 7 11:36:05 2025",
    "k2-git-sha1": "e524868bdab9755177557629b8d13a0e351d2cc8",
    "k2-path": "/home/m-wu/miniconda3/envs/ASR/lib/python3.11/site-packages/k2/__init__.py",
    "k2-version": "1.24.4",
    "k2-with-cuda": true,
    "lhotse-path": "/home/m-wu/miniconda3/envs/ASR/lib/python3.11/site-packages/lhotse/__init__.py",
    "lhotse-version": "1.33.0.dev+git.6b45efe.clean",
    "python-version": "3.11",
    "torch-cuda-available": true,
    "torch-cuda-version": "12.9",
    "torch-version": "2.8.0+cu129"
  },
  "exp_dir": "exp",
  "feature_dim": 512,
  "feature_enc_layers": [
    [
      512,
      10,
      5
    ],
    [
      512,
      3,
      2
    ],
    [
      512,
      3,
      2
    ],
    [
      512,
      3,
      2
    ],
    [
      512,
      3,
      2
    ],
    [
      512,
      2,
      2
    ],
    [
      512,
      2,
      2
    ]
  ],
  "feature_grad_mult": 0.1,
  "feedforward_dim": "512,768,1024,1536,1024,768",
  "gap": 1.0,
  "inf_check": false,
  "joiner_dim": 512,
  "keep_last_k": 30,
  "lang": "dataprocessing/bpe",
  "lang_type": null,
  "left_context_frames": "64,128,256,-1",
  "lm_scale": 0.25,
  "log_interval": 50,
  "lr_batches": 7500,
  "lr_epochs": 3.5,
  "manifest_dir": "dataprocessing/cuts",
  "master_port": 12354,
  "max_duration": 250,
  "num_buckets": 30,
  "num_encoder_layers": "2,2,3,4,3,2",
  "num_epochs": 100,
  "num_heads": "4,4,4,8,4,4",
  "num_workers": 2,
  "on_the_fly_feats": false,
  "pos_dim": 48,
  "pos_head_dim": "4",
  "print_diagnostics": false,
  "prune_range": 5,
  "query_head_dim": "32",
  "ref_duration": 600,
  "reset_interval": 200,
  "return_cuts": false,
  "sample_rate": 16000,
  "save_every_n": 4000,
  "seed": 42,
  "shuffle": true,
  "simple_loss_scale": 0.5,
  "spec_aug_time_warp_factor": 80,
  "start_batch": 0,
  "start_epoch": 1,
  "subsampling_factor": 4,
  "tensorboard": true,
  "use_ctc": false,
  "use_fp16": true,
  "use_pretrained": false,
  "use_transducer": true,
  "valid_interval": 3000,
  "value_head_dim": "12",
  "vocab_size": 2441,
  "warm_step": 2000,
  "world_size": 4
}
2026-06-07 11:33:07,800 INFO [train.py:1141] (0/4) About to create model
2026-06-07 11:33:08,705 INFO [train.py:1145] (1/4) Number of model parameters: 104285202
2026-06-07 11:33:08,726 INFO [train.py:1145] (0/4) Number of model parameters: 104285202
2026-06-07 11:33:08,727 INFO [train.py:1145] (2/4) Number of model parameters: 104285202
2026-06-07 11:33:08,733 INFO [train.py:1145] (3/4) Number of model parameters: 104285202
2026-06-07 11:33:08,827 INFO [train.py:1160] (1/4) Using DDP
2026-06-07 11:33:08,844 INFO [train.py:1160] (2/4) Using DDP
2026-06-07 11:33:08,851 INFO [train.py:1160] (3/4) Using DDP
2026-06-07 11:33:09,631 INFO [train.py:1160] (0/4) Using DDP
2026-06-07 11:33:11,183 INFO [asr_datamodule.py:677] (2/4) About to get train cuts
2026-06-07 11:33:11,184 INFO [asr_datamodule.py:677] (3/4) About to get train cuts
2026-06-07 11:33:11,185 INFO [asr_datamodule.py:529] (2/4) Disable MUSAN
2026-06-07 11:33:11,185 INFO [asr_datamodule.py:556] (2/4) Disable SpecAugment
2026-06-07 11:33:11,185 INFO [asr_datamodule.py:558] (2/4) About to create train dataset
2026-06-07 11:33:11,185 INFO [asr_datamodule.py:585] (2/4) Using DynamicBucketingSampler.
2026-06-07 11:33:11,185 INFO [asr_datamodule.py:677] (0/4) About to get train cuts
2026-06-07 11:33:11,186 INFO [asr_datamodule.py:529] (3/4) Disable MUSAN
2026-06-07 11:33:11,186 INFO [asr_datamodule.py:556] (3/4) Disable SpecAugment
2026-06-07 11:33:11,186 INFO [asr_datamodule.py:558] (3/4) About to create train dataset
2026-06-07 11:33:11,186 INFO [asr_datamodule.py:585] (3/4) Using DynamicBucketingSampler.
2026-06-07 11:33:11,187 INFO [asr_datamodule.py:529] (0/4) Disable MUSAN
2026-06-07 11:33:11,187 INFO [asr_datamodule.py:556] (0/4) Disable SpecAugment
2026-06-07 11:33:11,187 INFO [asr_datamodule.py:558] (0/4) About to create train dataset
2026-06-07 11:33:11,187 INFO [asr_datamodule.py:585] (0/4) Using DynamicBucketingSampler.
2026-06-07 11:33:11,189 INFO [asr_datamodule.py:677] (1/4) About to get train cuts
2026-06-07 11:33:11,190 INFO [asr_datamodule.py:529] (1/4) Disable MUSAN
2026-06-07 11:33:11,190 INFO [asr_datamodule.py:556] (1/4) Disable SpecAugment
2026-06-07 11:33:11,190 INFO [asr_datamodule.py:558] (1/4) About to create train dataset
2026-06-07 11:33:11,190 INFO [asr_datamodule.py:585] (1/4) Using DynamicBucketingSampler.
2026-06-07 11:33:11,707 INFO [asr_datamodule.py:600] (3/4) About to create train dataloader
2026-06-07 11:33:11,707 INFO [asr_datamodule.py:684] (3/4) About to get dev cuts
2026-06-07 11:33:11,710 INFO [asr_datamodule.py:625] (3/4) About to create dev dataset
2026-06-07 11:33:11,711 INFO [asr_datamodule.py:600] (0/4) About to create train dataloader
2026-06-07 11:33:11,712 INFO [asr_datamodule.py:684] (0/4) About to get dev cuts
2026-06-07 11:33:11,714 INFO [asr_datamodule.py:600] (1/4) About to create train dataloader
2026-06-07 11:33:11,714 INFO [asr_datamodule.py:625] (0/4) About to create dev dataset
2026-06-07 11:33:11,715 INFO [asr_datamodule.py:600] (2/4) About to create train dataloader
2026-06-07 11:33:11,715 INFO [asr_datamodule.py:684] (2/4) About to get dev cuts
2026-06-07 11:33:11,715 INFO [asr_datamodule.py:684] (1/4) About to get dev cuts
2026-06-07 11:33:11,716 INFO [asr_datamodule.py:625] (2/4) About to create dev dataset
2026-06-07 11:33:11,716 INFO [asr_datamodule.py:625] (1/4) About to create dev dataset
2026-06-07 11:33:12,114 INFO [asr_datamodule.py:643] (3/4) About to create dev dataloader
2026-06-07 11:33:12,114 INFO [train.py:1366] (3/4) Sanity check -- see if any of the batches in epoch 1 would cause OOM.
2026-06-07 11:33:12,118 INFO [asr_datamodule.py:643] (1/4) About to create dev dataloader
2026-06-07 11:33:12,118 INFO [train.py:1366] (1/4) Sanity check -- see if any of the batches in epoch 1 would cause OOM.
2026-06-07 11:33:12,120 INFO [asr_datamodule.py:643] (0/4) About to create dev dataloader
2026-06-07 11:33:12,120 INFO [train.py:1366] (0/4) Sanity check -- see if any of the batches in epoch 1 would cause OOM.
2026-06-07 11:33:12,123 INFO [asr_datamodule.py:643] (2/4) About to create dev dataloader
2026-06-07 11:33:12,124 INFO [train.py:1366] (2/4) Sanity check -- see if any of the batches in epoch 1 would cause OOM.
/home/m-wu/proj/ASR/train.py:1373: FutureWarning: `torch.cuda.amp.autocast(args...)` is deprecated. Please use `torch.amp.autocast('cuda', args...)` instead.
  with torch.cuda.amp.autocast(enabled=params.use_fp16):
/home/m-wu/proj/ASR/train.py:1373: FutureWarning: `torch.cuda.amp.autocast(args...)` is deprecated. Please use `torch.amp.autocast('cuda', args...)` instead.
  with torch.cuda.amp.autocast(enabled=params.use_fp16):
/home/m-wu/proj/ASR/train.py:1373: FutureWarning: `torch.cuda.amp.autocast(args...)` is deprecated. Please use `torch.amp.autocast('cuda', args...)` instead.
  with torch.cuda.amp.autocast(enabled=params.use_fp16):
/home/m-wu/proj/ASR/train.py:1373: FutureWarning: `torch.cuda.amp.autocast(args...)` is deprecated. Please use `torch.amp.autocast('cuda', args...)` instead.
  with torch.cuda.amp.autocast(enabled=params.use_fp16):
2026-06-07 11:34:07,934 INFO [train.py:1394] (0/4) Maximum memory allocated so far is 10958MB
2026-06-07 11:34:07,934 INFO [train.py:1394] (3/4) Maximum memory allocated so far is 10958MB
2026-06-07 11:34:07,934 INFO [train.py:1394] (1/4) Maximum memory allocated so far is 10958MB
2026-06-07 11:34:07,935 INFO [train.py:1394] (2/4) Maximum memory allocated so far is 10958MB
/home/m-wu/proj/ASR/train.py:1373: FutureWarning: `torch.cuda.amp.autocast(args...)` is deprecated. Please use `torch.amp.autocast('cuda', args...)` instead.
  with torch.cuda.amp.autocast(enabled=params.use_fp16):
/home/m-wu/proj/ASR/train.py:1373: FutureWarning: `torch.cuda.amp.autocast(args...)` is deprecated. Please use `torch.amp.autocast('cuda', args...)` instead.
  with torch.cuda.amp.autocast(enabled=params.use_fp16):
/home/m-wu/proj/ASR/train.py:1373: FutureWarning: `torch.cuda.amp.autocast(args...)` is deprecated. Please use `torch.amp.autocast('cuda', args...)` instead.
  with torch.cuda.amp.autocast(enabled=params.use_fp16):
/home/m-wu/proj/ASR/train.py:1373: FutureWarning: `torch.cuda.amp.autocast(args...)` is deprecated. Please use `torch.amp.autocast('cuda', args...)` instead.
  with torch.cuda.amp.autocast(enabled=params.use_fp16):
2026-06-07 11:34:10,304 INFO [train.py:1394] (2/4) Maximum memory allocated so far is 10976MB
2026-06-07 11:34:10,304 INFO [train.py:1394] (3/4) Maximum memory allocated so far is 10975MB
2026-06-07 11:34:10,304 INFO [train.py:1394] (1/4) Maximum memory allocated so far is 10975MB
2026-06-07 11:34:10,304 INFO [train.py:1394] (0/4) Maximum memory allocated so far is 10976MB
/home/m-wu/proj/ASR/train.py:1373: FutureWarning: `torch.cuda.amp.autocast(args...)` is deprecated. Please use `torch.amp.autocast('cuda', args...)` instead.
  with torch.cuda.amp.autocast(enabled=params.use_fp16):
/home/m-wu/proj/ASR/train.py:1373: FutureWarning: `torch.cuda.amp.autocast(args...)` is deprecated. Please use `torch.amp.autocast('cuda', args...)` instead.
  with torch.cuda.amp.autocast(enabled=params.use_fp16):
/home/m-wu/proj/ASR/train.py:1373: FutureWarning: `torch.cuda.amp.autocast(args...)` is deprecated. Please use `torch.amp.autocast('cuda', args...)` instead.
  with torch.cuda.amp.autocast(enabled=params.use_fp16):
/home/m-wu/proj/ASR/train.py:1373: FutureWarning: `torch.cuda.amp.autocast(args...)` is deprecated. Please use `torch.amp.autocast('cuda', args...)` instead.
  with torch.cuda.amp.autocast(enabled=params.use_fp16):
2026-06-07 11:34:15,704 INFO [train.py:1394] (2/4) Maximum memory allocated so far is 11092MB
2026-06-07 11:34:15,704 INFO [train.py:1394] (3/4) Maximum memory allocated so far is 11089MB
2026-06-07 11:34:15,704 INFO [train.py:1394] (1/4) Maximum memory allocated so far is 11091MB
2026-06-07 11:34:15,704 INFO [train.py:1394] (0/4) Maximum memory allocated so far is 11092MB
/home/m-wu/proj/ASR/train.py:1373: FutureWarning: `torch.cuda.amp.autocast(args...)` is deprecated. Please use `torch.amp.autocast('cuda', args...)` instead.
  with torch.cuda.amp.autocast(enabled=params.use_fp16):
/home/m-wu/proj/ASR/train.py:1373: FutureWarning: `torch.cuda.amp.autocast(args...)` is deprecated. Please use `torch.amp.autocast('cuda', args...)` instead.
  with torch.cuda.amp.autocast(enabled=params.use_fp16):
/home/m-wu/proj/ASR/train.py:1373: FutureWarning: `torch.cuda.amp.autocast(args...)` is deprecated. Please use `torch.amp.autocast('cuda', args...)` instead.
  with torch.cuda.amp.autocast(enabled=params.use_fp16):
/home/m-wu/proj/ASR/train.py:1373: FutureWarning: `torch.cuda.amp.autocast(args...)` is deprecated. Please use `torch.amp.autocast('cuda', args...)` instead.
  with torch.cuda.amp.autocast(enabled=params.use_fp16):
2026-06-07 11:34:18,049 INFO [train.py:1394] (3/4) Maximum memory allocated so far is 11089MB
2026-06-07 11:34:18,049 INFO [train.py:1394] (2/4) Maximum memory allocated so far is 11092MB
2026-06-07 11:34:18,049 INFO [train.py:1394] (0/4) Maximum memory allocated so far is 11092MB
2026-06-07 11:34:18,050 INFO [train.py:1394] (1/4) Maximum memory allocated so far is 11091MB
/home/m-wu/proj/ASR/train.py:1373: FutureWarning: `torch.cuda.amp.autocast(args...)` is deprecated. Please use `torch.amp.autocast('cuda', args...)` instead.
  with torch.cuda.amp.autocast(enabled=params.use_fp16):
/home/m-wu/proj/ASR/train.py:1373: FutureWarning: `torch.cuda.amp.autocast(args...)` is deprecated. Please use `torch.amp.autocast('cuda', args...)` instead.
  with torch.cuda.amp.autocast(enabled=params.use_fp16):
/home/m-wu/proj/ASR/train.py:1373: FutureWarning: `torch.cuda.amp.autocast(args...)` is deprecated. Please use `torch.amp.autocast('cuda', args...)` instead.
  with torch.cuda.amp.autocast(enabled=params.use_fp16):
/home/m-wu/proj/ASR/train.py:1373: FutureWarning: `torch.cuda.amp.autocast(args...)` is deprecated. Please use `torch.amp.autocast('cuda', args...)` instead.
  with torch.cuda.amp.autocast(enabled=params.use_fp16):
2026-06-07 11:34:25,755 INFO [train.py:1394] (1/4) Maximum memory allocated so far is 14931MB
2026-06-07 11:34:25,756 INFO [train.py:1394] (2/4) Maximum memory allocated so far is 11092MB
2026-06-07 11:34:25,756 INFO [train.py:1394] (0/4) Maximum memory allocated so far is 11092MB
2026-06-07 11:34:25,756 INFO [train.py:1394] (3/4) Maximum memory allocated so far is 14925MB
/home/m-wu/proj/ASR/train.py:1373: FutureWarning: `torch.cuda.amp.autocast(args...)` is deprecated. Please use `torch.amp.autocast('cuda', args...)` instead.
  with torch.cuda.amp.autocast(enabled=params.use_fp16):
/home/m-wu/proj/ASR/train.py:1373: FutureWarning: `torch.cuda.amp.autocast(args...)` is deprecated. Please use `torch.amp.autocast('cuda', args...)` instead.
  with torch.cuda.amp.autocast(enabled=params.use_fp16):
/home/m-wu/proj/ASR/train.py:1373: FutureWarning: `torch.cuda.amp.autocast(args...)` is deprecated. Please use `torch.amp.autocast('cuda', args...)` instead.
  with torch.cuda.amp.autocast(enabled=params.use_fp16):
/home/m-wu/proj/ASR/train.py:1373: FutureWarning: `torch.cuda.amp.autocast(args...)` is deprecated. Please use `torch.amp.autocast('cuda', args...)` instead.
  with torch.cuda.amp.autocast(enabled=params.use_fp16):
2026-06-07 11:34:28,643 INFO [train.py:1394] (3/4) Maximum memory allocated so far is 14925MB
2026-06-07 11:34:28,644 INFO [train.py:1394] (0/4) Maximum memory allocated so far is 11092MB
2026-06-07 11:34:28,644 INFO [train.py:1394] (2/4) Maximum memory allocated so far is 11092MB
2026-06-07 11:34:28,645 INFO [train.py:1394] (1/4) Maximum memory allocated so far is 14931MB
/home/m-wu/proj/ASR/train.py:1273: FutureWarning: `torch.cuda.amp.GradScaler(args...)` is deprecated. Please use `torch.amp.GradScaler('cuda', args...)` instead.
  scaler = GradScaler(enabled=params.use_fp16, init_scale=1.0)
/home/m-wu/proj/ASR/train.py:1273: FutureWarning: `torch.cuda.amp.GradScaler(args...)` is deprecated. Please use `torch.amp.GradScaler('cuda', args...)` instead.
  scaler = GradScaler(enabled=params.use_fp16, init_scale=1.0)
/home/m-wu/proj/ASR/train.py:1273: FutureWarning: `torch.cuda.amp.GradScaler(args...)` is deprecated. Please use `torch.amp.GradScaler('cuda', args...)` instead.
  scaler = GradScaler(enabled=params.use_fp16, init_scale=1.0)
/home/m-wu/proj/ASR/train.py:1273: FutureWarning: `torch.cuda.amp.GradScaler(args...)` is deprecated. Please use `torch.amp.GradScaler('cuda', args...)` instead.
  scaler = GradScaler(enabled=params.use_fp16, init_scale=1.0)
/home/m-wu/proj/ASR/train.py:967: FutureWarning: `torch.cuda.amp.autocast(args...)` is deprecated. Please use `torch.amp.autocast('cuda', args...)` instead.
  with torch.cuda.amp.autocast(enabled=params.use_fp16):
/home/m-wu/proj/ASR/train.py:967: FutureWarning: `torch.cuda.amp.autocast(args...)` is deprecated. Please use `torch.amp.autocast('cuda', args...)` instead.
  with torch.cuda.amp.autocast(enabled=params.use_fp16):
/home/m-wu/proj/ASR/train.py:967: FutureWarning: `torch.cuda.amp.autocast(args...)` is deprecated. Please use `torch.amp.autocast('cuda', args...)` instead.
  with torch.cuda.amp.autocast(enabled=params.use_fp16):
/home/m-wu/proj/ASR/train.py:967: FutureWarning: `torch.cuda.amp.autocast(args...)` is deprecated. Please use `torch.amp.autocast('cuda', args...)` instead.
  with torch.cuda.amp.autocast(enabled=params.use_fp16):
2026-06-07 11:34:44,865 INFO [train.py:1050] (0/4) Epoch 1, batch 0, loss[loss=0.03703, simple_loss=0.03367, pruned_loss=0.03354, over 969276.00 frames. ], tot_loss[loss=0.03703, simple_loss=0.03367, pruned_loss=0.03354, over 969276.00 frames. ], batch size: 27, lr: 5.01e-05, grad_scale: 2.0
2026-06-07 11:34:44,866 INFO [train.py:1073] (0/4) Computing validation loss
2026-06-07 11:34:44,867 INFO [train.py:1050] (3/4) Epoch 1, batch 0, loss[loss=0.03707, simple_loss=0.03371, pruned_loss=0.03354, over 968976.00 frames. ], tot_loss[loss=0.03707, simple_loss=0.03371, pruned_loss=0.03354, over 968976.00 frames. ], batch size: 27, lr: 5.01e-05, grad_scale: 2.0
2026-06-07 11:34:44,868 INFO [train.py:1073] (3/4) Computing validation loss
2026-06-07 11:34:44,869 INFO [train.py:1050] (1/4) Epoch 1, batch 0, loss[loss=0.0378, simple_loss=0.03437, pruned_loss=0.03424, over 967308.00 frames. ], tot_loss[loss=0.0378, simple_loss=0.03437, pruned_loss=0.03424, over 967308.00 frames. ], batch size: 27, lr: 5.01e-05, grad_scale: 2.0
2026-06-07 11:34:44,869 INFO [train.py:1073] (1/4) Computing validation loss
2026-06-07 11:34:44,869 INFO [train.py:1050] (2/4) Epoch 1, batch 0, loss[loss=0.03754, simple_loss=0.03413, pruned_loss=0.034, over 970548.00 frames. ], tot_loss[loss=0.03754, simple_loss=0.03413, pruned_loss=0.034, over 970548.00 frames. ], batch size: 27, lr: 5.01e-05, grad_scale: 2.0
2026-06-07 11:34:44,870 INFO [train.py:1073] (2/4) Computing validation loss
2026-06-07 11:35:08,362 INFO [zipformer.py:2083] (1/4) name=encoder.encoders.0.layers.0.self_attn_weights, attn_weights_entropy = tensor([5.1020, 5.1008, 5.1277, 5.1288], device='cuda:1')
2026-06-07 11:35:08,744 INFO [zipformer.py:2083] (3/4) name=encoder.encoders.0.layers.0.self_attn_weights, attn_weights_entropy = tensor([5.1108, 5.1101, 5.1323, 5.1370], device='cuda:3')
2026-06-07 11:35:11,770 INFO [zipformer.py:2083] (0/4) name=encoder.encoders.0.layers.0.self_attn_weights, attn_weights_entropy = tensor([4.8351, 4.8375, 4.8642, 4.8648], device='cuda:0')
2026-06-07 11:35:11,975 INFO [zipformer.py:2083] (2/4) name=encoder.encoders.0.layers.0.self_attn_weights, attn_weights_entropy = tensor([4.8267, 4.8246, 4.8480, 4.8508], device='cuda:2')
2026-06-07 11:35:22,059 INFO [zipformer.py:2083] (1/4) name=encoder.encoders.3.encoder.layers.0.self_attn_weights, attn_weights_entropy = tensor([2.2055, 2.2058, 2.2047, 2.2059, 2.2062, 2.2060, 2.2059, 2.2051],
       device='cuda:1')
2026-06-07 11:35:22,809 INFO [zipformer.py:2083] (3/4) name=encoder.encoders.3.encoder.layers.0.self_attn_weights, attn_weights_entropy = tensor([2.1939, 2.1944, 2.1930, 2.1944, 2.1947, 2.1945, 2.1944, 2.1938],
       device='cuda:3')
2026-06-07 11:35:24,436 INFO [zipformer.py:2083] (2/4) name=encoder.encoders.3.encoder.layers.0.self_attn_weights, attn_weights_entropy = tensor([2.1959, 2.1965, 2.1954, 2.1966, 2.1968, 2.1965, 2.1964, 2.1956],
       device='cuda:2')
2026-06-07 11:35:25,057 INFO [zipformer.py:2083] (0/4) name=encoder.encoders.3.encoder.layers.0.self_attn_weights, attn_weights_entropy = tensor([2.1946, 2.1948, 2.1934, 2.1951, 2.1952, 2.1950, 2.1950, 2.1942],
       device='cuda:0')
2026-06-07 11:35:30,647 INFO [zipformer.py:2083] (1/4) name=encoder.encoders.2.encoder.layers.1.self_attn_weights, attn_weights_entropy = tensor([2.4246, 2.4245, 2.4197, 2.4183], device='cuda:1')
2026-06-07 11:35:31,958 INFO [zipformer.py:2083] (3/4) name=encoder.encoders.2.encoder.layers.1.self_attn_weights, attn_weights_entropy = tensor([2.2486, 2.2501, 2.2429, 2.2434], device='cuda:3')
2026-06-07 11:35:32,910 INFO [zipformer.py:2083] (2/4) name=encoder.encoders.2.encoder.layers.1.self_attn_weights, attn_weights_entropy = tensor([3.7866, 3.7871, 3.7829, 3.7828], device='cuda:2')
2026-06-07 11:35:34,000 INFO [zipformer.py:2083] (0/4) name=encoder.encoders.2.encoder.layers.1.self_attn_weights, attn_weights_entropy = tensor([3.7861, 3.7859, 3.7813, 3.7813], device='cuda:0')
2026-06-07 11:35:54,412 INFO [zipformer.py:2083] (1/4) name=encoder.encoders.3.encoder.layers.2.self_attn_weights, attn_weights_entropy = tensor([1.4986, 1.4997, 1.4942, 1.4995, 1.5010, 1.5001, 1.4994, 1.4961],
       device='cuda:1')
2026-06-07 11:35:55,198 INFO [zipformer.py:2083] (3/4) name=encoder.encoders.3.encoder.layers.2.self_attn_weights, attn_weights_entropy = tensor([1.5093, 1.5108, 1.5046, 1.5102, 1.5116, 1.5104, 1.5098, 1.5079],
       device='cuda:3')
2026-06-07 11:35:56,665 INFO [zipformer.py:2083] (1/4) name=encoder.encoders.1.encoder.layers.1.self_attn_weights, attn_weights_entropy = tensor([4.7066, 4.6974, 4.6919, 4.7091], device='cuda:1')
2026-06-07 11:35:57,221 INFO [zipformer.py:2083] (3/4) name=encoder.encoders.1.encoder.layers.1.self_attn_weights, attn_weights_entropy = tensor([4.1932, 4.1851, 4.1789, 4.1955], device='cuda:3')
2026-06-07 11:35:58,213 INFO [train.py:1082] (2/4) Epoch 1, validation: loss=0.03712, simple_loss=0.03376, pruned_loss=0.03352, over 1501785472.00 frames. 
2026-06-07 11:35:58,213 INFO [train.py:1082] (0/4) Epoch 1, validation: loss=0.03712, simple_loss=0.03376, pruned_loss=0.03352, over 1501785472.00 frames. 
2026-06-07 11:35:58,213 INFO [train.py:1083] (0/4) Maximum memory allocated so far is 11238MB
2026-06-07 11:35:58,213 INFO [train.py:1083] (2/4) Maximum memory allocated so far is 11238MB
2026-06-07 11:35:58,214 INFO [train.py:1082] (3/4) Epoch 1, validation: loss=0.03712, simple_loss=0.03376, pruned_loss=0.03352, over 1501785472.00 frames. 
2026-06-07 11:35:58,215 INFO [train.py:1082] (1/4) Epoch 1, validation: loss=0.03712, simple_loss=0.03376, pruned_loss=0.03352, over 1501785472.00 frames. 
2026-06-07 11:35:58,215 INFO [train.py:1083] (3/4) Maximum memory allocated so far is 14925MB
2026-06-07 11:35:58,215 INFO [train.py:1083] (1/4) Maximum memory allocated so far is 14931MB
/home/m-wu/proj/ASR/train.py:967: FutureWarning: `torch.cuda.amp.autocast(args...)` is deprecated. Please use `torch.amp.autocast('cuda', args...)` instead.
  with torch.cuda.amp.autocast(enabled=params.use_fp16):
/home/m-wu/proj/ASR/train.py:967: FutureWarning: `torch.cuda.amp.autocast(args...)` is deprecated. Please use `torch.amp.autocast('cuda', args...)` instead.
  with torch.cuda.amp.autocast(enabled=params.use_fp16):
/home/m-wu/proj/ASR/train.py:967: FutureWarning: `torch.cuda.amp.autocast(args...)` is deprecated. Please use `torch.amp.autocast('cuda', args...)` instead.
  with torch.cuda.amp.autocast(enabled=params.use_fp16):
/home/m-wu/proj/ASR/train.py:967: FutureWarning: `torch.cuda.amp.autocast(args...)` is deprecated. Please use `torch.amp.autocast('cuda', args...)` instead.
  with torch.cuda.amp.autocast(enabled=params.use_fp16):
2026-06-07 11:36:00,547 INFO [scaling.py:1028] (2/4) Whitening: name=encoder.encoders.5.encoder.layers.1.nonlin_attention.whiten2, num_groups=1, num_channels=192, metric=11.03 vs. limit=5.0
2026-06-07 11:36:00,565 INFO [scaling.py:1028] (0/4) Whitening: name=encoder.encoders.5.encoder.layers.1.nonlin_attention.whiten2, num_groups=1, num_channels=192, metric=11.06 vs. limit=5.0
/home/m-wu/proj/ASR/train.py:967: FutureWarning: `torch.cuda.amp.autocast(args...)` is deprecated. Please use `torch.amp.autocast('cuda', args...)` instead.
  with torch.cuda.amp.autocast(enabled=params.use_fp16):
/home/m-wu/proj/ASR/train.py:967: FutureWarning: `torch.cuda.amp.autocast(args...)` is deprecated. Please use `torch.amp.autocast('cuda', args...)` instead.
  with torch.cuda.amp.autocast(enabled=params.use_fp16):
/home/m-wu/proj/ASR/train.py:967: FutureWarning: `torch.cuda.amp.autocast(args...)` is deprecated. Please use `torch.amp.autocast('cuda', args...)` instead.
  with torch.cuda.amp.autocast(enabled=params.use_fp16):
/home/m-wu/proj/ASR/train.py:967: FutureWarning: `torch.cuda.amp.autocast(args...)` is deprecated. Please use `torch.amp.autocast('cuda', args...)` instead.
  with torch.cuda.amp.autocast(enabled=params.use_fp16):
/home/m-wu/proj/ASR/train.py:967: FutureWarning: `torch.cuda.amp.autocast(args...)` is deprecated. Please use `torch.amp.autocast('cuda', args...)` instead.
  with torch.cuda.amp.autocast(enabled=params.use_fp16):
/home/m-wu/proj/ASR/train.py:967: FutureWarning: `torch.cuda.amp.autocast(args...)` is deprecated. Please use `torch.amp.autocast('cuda', args...)` instead.
  with torch.cuda.amp.autocast(enabled=params.use_fp16):
/home/m-wu/proj/ASR/train.py:967: FutureWarning: `torch.cuda.amp.autocast(args...)` is deprecated. Please use `torch.amp.autocast('cuda', args...)` instead.
  with torch.cuda.amp.autocast(enabled=params.use_fp16):
/home/m-wu/proj/ASR/train.py:967: FutureWarning: `torch.cuda.amp.autocast(args...)` is deprecated. Please use `torch.amp.autocast('cuda', args...)` instead.
  with torch.cuda.amp.autocast(enabled=params.use_fp16):
/home/m-wu/proj/ASR/train.py:967: FutureWarning: `torch.cuda.amp.autocast(args...)` is deprecated. Please use `torch.amp.autocast('cuda', args...)` instead.
  with torch.cuda.amp.autocast(enabled=params.use_fp16):
/home/m-wu/proj/ASR/train.py:967: FutureWarning: `torch.cuda.amp.autocast(args...)` is deprecated. Please use `torch.amp.autocast('cuda', args...)` instead.
  with torch.cuda.amp.autocast(enabled=params.use_fp16):
/home/m-wu/proj/ASR/train.py:967: FutureWarning: `torch.cuda.amp.autocast(args...)` is deprecated. Please use `torch.amp.autocast('cuda', args...)` instead.
  with torch.cuda.amp.autocast(enabled=params.use_fp16):
/home/m-wu/proj/ASR/train.py:967: FutureWarning: `torch.cuda.amp.autocast(args...)` is deprecated. Please use `torch.amp.autocast('cuda', args...)` instead.
  with torch.cuda.amp.autocast(enabled=params.use_fp16):
/home/m-wu/proj/ASR/train.py:967: FutureWarning: `torch.cuda.amp.autocast(args...)` is deprecated. Please use `torch.amp.autocast('cuda', args...)` instead.
  with torch.cuda.amp.autocast(enabled=params.use_fp16):
/home/m-wu/proj/ASR/train.py:967: FutureWarning: `torch.cuda.amp.autocast(args...)` is deprecated. Please use `torch.amp.autocast('cuda', args...)` instead.
  with torch.cuda.amp.autocast(enabled=params.use_fp16):
/home/m-wu/proj/ASR/train.py:967: FutureWarning: `torch.cuda.amp.autocast(args...)` is deprecated. Please use `torch.amp.autocast('cuda', args...)` instead.
  with torch.cuda.amp.autocast(enabled=params.use_fp16):
/home/m-wu/proj/ASR/train.py:967: FutureWarning: `torch.cuda.amp.autocast(args...)` is deprecated. Please use `torch.amp.autocast('cuda', args...)` instead.
  with torch.cuda.amp.autocast(enabled=params.use_fp16):
/home/m-wu/proj/ASR/train.py:967: FutureWarning: `torch.cuda.amp.autocast(args...)` is deprecated. Please use `torch.amp.autocast('cuda', args...)` instead.
  with torch.cuda.amp.autocast(enabled=params.use_fp16):
/home/m-wu/proj/ASR/train.py:967: FutureWarning: `torch.cuda.amp.autocast(args...)` is deprecated. Please use `torch.amp.autocast('cuda', args...)` instead.
  with torch.cuda.amp.autocast(enabled=params.use_fp16):
/home/m-wu/proj/ASR/train.py:967: FutureWarning: `torch.cuda.amp.autocast(args...)` is deprecated. Please use `torch.amp.autocast('cuda', args...)` instead.
  with torch.cuda.amp.autocast(enabled=params.use_fp16):
/home/m-wu/proj/ASR/train.py:967: FutureWarning: `torch.cuda.amp.autocast(args...)` is deprecated. Please use `torch.amp.autocast('cuda', args...)` instead.
  with torch.cuda.amp.autocast(enabled=params.use_fp16):
/home/m-wu/proj/ASR/train.py:967: FutureWarning: `torch.cuda.amp.autocast(args...)` is deprecated. Please use `torch.amp.autocast('cuda', args...)` instead.
  with torch.cuda.amp.autocast(enabled=params.use_fp16):
/home/m-wu/proj/ASR/train.py:967: FutureWarning: `torch.cuda.amp.autocast(args...)` is deprecated. Please use `torch.amp.autocast('cuda', args...)` instead.
  with torch.cuda.amp.autocast(enabled=params.use_fp16):
/home/m-wu/proj/ASR/train.py:967: FutureWarning: `torch.cuda.amp.autocast(args...)` is deprecated. Please use `torch.amp.autocast('cuda', args...)` instead.
  with torch.cuda.amp.autocast(enabled=params.use_fp16):
/home/m-wu/proj/ASR/train.py:967: FutureWarning: `torch.cuda.amp.autocast(args...)` is deprecated. Please use `torch.amp.autocast('cuda', args...)` instead.
  with torch.cuda.amp.autocast(enabled=params.use_fp16):
2026-06-07 11:36:27,981 INFO [scaling.py:1028] (2/4) Whitening: name=encoder.encoders.2.encoder.layers.2.conv_module1.whiten, num_groups=1, num_channels=448, metric=23.24 vs. limit=7.5
/home/m-wu/proj/ASR/train.py:967: FutureWarning: `torch.cuda.amp.autocast(args...)` is deprecated. Please use `torch.amp.autocast('cuda', args...)` instead.
  with torch.cuda.amp.autocast(enabled=params.use_fp16):
/home/m-wu/proj/ASR/train.py:967: FutureWarning: `torch.cuda.amp.autocast(args...)` is deprecated. Please use `torch.amp.autocast('cuda', args...)` instead.
  with torch.cuda.amp.autocast(enabled=params.use_fp16):
/home/m-wu/proj/ASR/train.py:967: FutureWarning: `torch.cuda.amp.autocast(args...)` is deprecated. Please use `torch.amp.autocast('cuda', args...)` instead.
  with torch.cuda.amp.autocast(enabled=params.use_fp16):
/home/m-wu/proj/ASR/train.py:967: FutureWarning: `torch.cuda.amp.autocast(args...)` is deprecated. Please use `torch.amp.autocast('cuda', args...)` instead.
  with torch.cuda.amp.autocast(enabled=params.use_fp16):
2026-06-07 11:36:30,131 INFO [scaling.py:218] (3/4) ScheduledFloat: name=encoder.encoders.0.layers.0.feed_forward1.out_proj.dropout_p, batch_count=0.0, ans=0.3
2026-06-07 11:36:32,720 INFO [scaling.py:1028] (0/4) Whitening: name=encoder.encoders.3.encoder.layers.2.self_attn1.whiten, num_groups=1, num_channels=768, metric=27.01 vs. limit=7.5
/home/m-wu/proj/ASR/train.py:967: FutureWarning: `torch.cuda.amp.autocast(args...)` is deprecated. Please use `torch.amp.autocast('cuda', args...)` instead.
  with torch.cuda.amp.autocast(enabled=params.use_fp16):
/home/m-wu/proj/ASR/train.py:967: FutureWarning: `torch.cuda.amp.autocast(args...)` is deprecated. Please use `torch.amp.autocast('cuda', args...)` instead.
  with torch.cuda.amp.autocast(enabled=params.use_fp16):
/home/m-wu/proj/ASR/train.py:967: FutureWarning: `torch.cuda.amp.autocast(args...)` is deprecated. Please use `torch.amp.autocast('cuda', args...)` instead.
  with torch.cuda.amp.autocast(enabled=params.use_fp16):
/home/m-wu/proj/ASR/train.py:967: FutureWarning: `torch.cuda.amp.autocast(args...)` is deprecated. Please use `torch.amp.autocast('cuda', args...)` instead.
  with torch.cuda.amp.autocast(enabled=params.use_fp16):
2026-06-07 11:36:36,894 INFO [scaling.py:1028] (0/4) Whitening: name=encoder.encoders.4.encoder.layers.0.feed_forward1.out_whiten, num_groups=1, num_channels=448, metric=24.63 vs. limit=7.5
/home/m-wu/proj/ASR/train.py:967: FutureWarning: `torch.cuda.amp.autocast(args...)` is deprecated. Please use `torch.amp.autocast('cuda', args...)` instead.
  with torch.cuda.amp.autocast(enabled=params.use_fp16):
/home/m-wu/proj/ASR/train.py:967: FutureWarning: `torch.cuda.amp.autocast(args...)` is deprecated. Please use `torch.amp.autocast('cuda', args...)` instead.
  with torch.cuda.amp.autocast(enabled=params.use_fp16):
/home/m-wu/proj/ASR/train.py:967: FutureWarning: `torch.cuda.amp.autocast(args...)` is deprecated. Please use `torch.amp.autocast('cuda', args...)` instead.
  with torch.cuda.amp.autocast(enabled=params.use_fp16):
/home/m-wu/proj/ASR/train.py:967: FutureWarning: `torch.cuda.amp.autocast(args...)` is deprecated. Please use `torch.amp.autocast('cuda', args...)` instead.
  with torch.cuda.amp.autocast(enabled=params.use_fp16):
W0607 11:36:42.466000 1563825 site-packages/torch/multiprocessing/spawn.py:169] Terminating process 1563902 via signal SIGTERM
W0607 11:36:42.467000 1563825 site-packages/torch/multiprocessing/spawn.py:169] Terminating process 1563903 via signal SIGTERM
W0607 11:36:42.468000 1563825 site-packages/torch/multiprocessing/spawn.py:169] Terminating process 1563904 via signal SIGTERM
Traceback (most recent call last):
  File "/home/m-wu/proj/ASR/./train.py", line 1418, in <module>
    main()
  File "/home/m-wu/proj/ASR/./train.py", line 1409, in main
    mp.spawn(run, args=(world_size, args), nprocs=world_size, join=True)
  File "/home/m-wu/miniconda3/envs/ASR/lib/python3.11/site-packages/torch/multiprocessing/spawn.py", line 340, in spawn
    return start_processes(fn, args, nprocs, join, daemon, start_method="spawn")
           ^^^^^^^^^^^^^^^^^^^^^^^^^^^^^^^^^^^^^^^^^^^^^^^^^^^^^^^^^^^^^^^^^^^^^
  File "/home/m-wu/miniconda3/envs/ASR/lib/python3.11/site-packages/torch/multiprocessing/spawn.py", line 296, in start_processes
    while not context.join():
              ^^^^^^^^^^^^^^
  File "/home/m-wu/miniconda3/envs/ASR/lib/python3.11/site-packages/torch/multiprocessing/spawn.py", line 196, in join
    raise ProcessExitedException(
torch.multiprocessing.spawn.ProcessExitedException: process 0 terminated with signal SIGKILL
/home/m-wu/miniconda3/envs/ASR/lib/python3.11/multiprocessing/resource_tracker.py:224: UserWarning: resource_tracker: There appear to be 56 leaked semaphore objects to clean up at shutdown
  warnings.warn('resource_tracker: There appear to be %d '
